this is a line to init the test

try to push from lewin
try push from http, no sucess, http push is disabled. 

instead push from ssh 

Fri, Dec 11, 2015  2:25:15 PM
use the combined command { date; echo "work, work, work"; } to record the work flow

now temp branch and master are merged

Sat, Jan 09, 2016 10:58:06 PM
中文国家标准gb18030

Tue, Jan 12, 2016  3:33:27 PM
push behiend vpn

Fri, Jan 15, 2016  2:50:06 PM
write good commit message

Mon, Feb 08, 2016  4:16:58 PM
git pull --rebase


git rebase
this is the conflict after rebase 1/2)
this is the conflict after rebase 2/2)

no date
push behiend vpn, ssh could not read from remote repo

better git commit msg
DO:
Write the summary line and description of what you have done in the 
imperative mode, that is as if you were commanding someone. Start 
the line with "Fix", "Add", "Change" instead of "Fixed", "Added", 
"Changed".

Always leave the second line blank.

Line break the commit message (to make the commit message readable 
without having to scroll horizontally

"git add -p" (or -i) to split up changes into logical commits. 

Thu, Feb 18, 2016  2:37:35 PM
git stach test

Tue Feb 23 21:18:14 EST 2016
re-test on git stash again

Thu, Feb 18, 2016  2:37:35 PM
git stach test

Sat, Feb 20, 2016 11:29:41 PM
demo git to Tian

Tue, Oct 04, 2016 10:06:53 PM
use ip for git remote push
